// Jest Snapshot v1, https://goo.gl/fbAQLP

exports[`Table component renders ok Performs initial render with rowCount: -1 1`] = `null`;

exports[`Table component renders ok Performs initial render with rowCount: -2 1`] = `null`;

exports[`Table component renders ok Performs initial render with rowCount: 0 1`] = `null`;

exports[`Table component renders ok Performs initial render with rowCount: 1 1`] = `
<div
  className="afvscr-scroll-container afvscr-st afvscr-table-wrapper"
  onScroll={[Function]}
  tabIndex="0"
>
  <div
    aria-hidden="true"
    className="afvscr-height-provider"
    style={
      Object {
        "height": 16,
      }
    }
  />
  <table
    aria-colcount={0}
    aria-rowcount={1}
    className="afvscr-main-table"
  >
    <colgroup />
    <thead
      onClick={[Function]}
    >
      <tr />
    </thead>
    <tbody
      aria-hidden="true"
      className="afvscr-scroller"
    >
      <tr
        aria-hidden="true"
        className="afvscr-scroller"
        style={
          Object {
            "height": 0,
          }
        }
      />
    </tbody>
    <tbody>
      <tr
        aria-rowindex={1}
      />
    </tbody>
  </table>
</div>
`;

exports[`Table component renders ok Performs initial render with rowCount: 2 1`] = `
<div
  className="afvscr-scroll-container afvscr-st afvscr-table-wrapper"
  onScroll={[Function]}
  tabIndex="0"
>
  <div
    aria-hidden="true"
    className="afvscr-height-provider"
    style={
      Object {
        "height": 32,
      }
    }
  />
  <table
    aria-colcount={0}
    aria-rowcount={2}
    className="afvscr-main-table"
  >
    <colgroup />
    <thead
      onClick={[Function]}
    >
      <tr />
    </thead>
    <tbody
      aria-hidden="true"
      className="afvscr-scroller"
    >
      <tr
        aria-hidden="true"
        className="afvscr-scroller"
        style={
          Object {
            "height": 0,
          }
        }
      />
    </tbody>
    <tbody>
      <tr
        aria-rowindex={1}
      />
      <tr
        aria-rowindex={2}
      />
    </tbody>
  </table>
</div>
`;

exports[`Table component renders ok Performs initial render with rowCount: undefined 1`] = `null`;
